# serializer version: 1
# name: TestPlan.test_create_monopartite_plan_from_records
  dict({
    'length': 7424,
    'length_tolerance': 0.03,
    'name': None,
    'plan_type': 'monopartite',
  })
# ---
# name: TestPlan.test_create_multipartite_plan_from_records
  dict({
    'plan_type': 'multipartite',
    'segments': list([
      dict({
        'length': 1090,
        'length_tolerance': 0.03,
        'name': dict({
          'key': 'N',
          'prefix': 'DNA',
        }),
        'required': 'required',
      }),
      dict({
        'length': 1057,
        'length_tolerance': 0.03,
        'name': dict({
          'key': 'U3',
          'prefix': 'DNA',
        }),
        'required': 'required',
      }),
      dict({
        'length': 1087,
        'length_tolerance': 0.03,
        'name': dict({
          'key': 'S',
          'prefix': 'DNA',
        }),
        'required': 'required',
      }),
      dict({
        'length': 1074,
        'length_tolerance': 0.03,
        'name': dict({
          'key': 'M',
          'prefix': 'DNA',
        }),
        'required': 'required',
      }),
      dict({
        'length': 1015,
        'length_tolerance': 0.03,
        'name': dict({
          'key': 'C',
          'prefix': 'DNA',
        }),
        'required': 'required',
      }),
      dict({
        'length': 1099,
        'length_tolerance': 0.03,
        'name': dict({
          'key': 'R',
          'prefix': 'DNA',
        }),
        'required': 'required',
      }),
    ]),
  })
# ---
# name: TestPlan.test_serialize_plan[accessions0-MonopartitePlan]
  dict({
    'length': 7424,
    'length_tolerance': 0.03,
    'name': None,
    'plan_type': 'monopartite',
  })
# ---
# name: TestPlan.test_serialize_plan[accessions1-MultipartitePlan]
  dict({
    'plan_type': 'multipartite',
    'segments': list([
      dict({
        'length': 1090,
        'length_tolerance': 0.03,
        'name': dict({
          'key': 'N',
          'prefix': 'DNA',
        }),
        'required': 'required',
      }),
      dict({
        'length': 1057,
        'length_tolerance': 0.03,
        'name': dict({
          'key': 'U3',
          'prefix': 'DNA',
        }),
        'required': 'required',
      }),
      dict({
        'length': 1087,
        'length_tolerance': 0.03,
        'name': dict({
          'key': 'S',
          'prefix': 'DNA',
        }),
        'required': 'required',
      }),
      dict({
        'length': 1074,
        'length_tolerance': 0.03,
        'name': dict({
          'key': 'M',
          'prefix': 'DNA',
        }),
        'required': 'required',
      }),
      dict({
        'length': 1015,
        'length_tolerance': 0.03,
        'name': dict({
          'key': 'C',
          'prefix': 'DNA',
        }),
        'required': 'required',
      }),
      dict({
        'length': 1099,
        'length_tolerance': 0.03,
        'name': dict({
          'key': 'R',
          'prefix': 'DNA',
        }),
        'required': 'required',
      }),
    ]),
  })
# ---
