# serializer version: 1
# name: TestPrintIsolate.test_json_ok
  '''
  {"id":"539736cc-b40c-4b4c-965f-b7235d9e4407","legacy_id":"wVqKWjboq","name":{"ty
  pe":"isolate","value":"Floor"},"sequences":[{"id":"cd613e30-d8f1-4adf-91b7-584a2
  265b1f5","accession":"NC_417776.1","definition":"Behind agreement structure item
  several.","legacy_id":"aSCrUZoLg","sequence":"AACSTATAATCTTACTAGCCANGATGGSTGCTCG
  GCCATGTACGGTTCGCTCAAGVCTACVGCGTCWCCTCBAGGGGGCCTAGCACCTTCCCCATACGGGGTGCAAAGTACTAA
  CATGCTCATTAARCACGAAAGAGGCAHGCACTCTCATDGTGTSGTTAGAGBCAGHGCTTACTAACTCTGRAATVGTAGGM
  TGGCVTGAAYAGCGTTTGCBGACAAAGGGTCGTCAATGCKCTGGACAAGATVTAATGAYTDYTTCACAAVTCCTAYDDAA
  CHCGCTCTTATVTCCSTTTTGGTTCCCTATACAACTGCGACGAWAGVGTACKTGAYATRGRGGGATAGCTADGCCGCTTT
  ACTCATAATGTTCTACCCTGGTCCTTCRKTCAACGAGGTGGTGGCGGBCATACGAGGTCAGAHGCTYBAGGCGTKDTGTA
  TAYBACTATTGAATACCGATCTCTGGGHCCGGCTTAGAGCDGHACCTCTCATCTTGGCCTAATCGGCVCGTGVTACCTAT
  TTGCGGGCGCCCTCCSGGGGCTTGGCAGCCACGTTCACWGTGCAAGTAGCTCGACGGTCTCAGGTADGGARCTTGGACAH
  TYGCTCAAGTGTGGTATCAAACGAAGGDCTGAGATCTATGCCAGTCYNAGGTTCKTGGAYAACATACGRAAGATAAACGG
  GCTCDCTAMCTCCCATTAGTCGGGGTHAKGGAAGCTVACTATGGACAGAATGTAGGGTTTCTTGBCACTVGGGCGG","s
  egment":"e7019832-f5b4-4b78-b528-9929bf0ec839"},{"id":"33318247-2833-4e0e-be40-f
  38e4a945554","accession":"NC_685165.1","definition":"Offer analysis spring 
  prepare.","legacy_id":"uAtuwruVV","sequence":"CCAYTTAHCYMDGKKGACCNGGGTSCTCHCAAGC
  RATGAACTATCCAAGCAGATGGTGCGGTGCSGGGNTAGGCCTGGCAGCATGAATGGDCCCCCGWTCTTCCCHACNGCTTS
  GCGKGTCGTGCTCATTAATGCTNTCGGTGCGCDGAADTATCWTGGACNCCTWDACTCATTCGGGGATCTCRAGATRACTG
  NTCGCAGTCAVCKDTCTGGTTGTAACCBCCATTGTATCTCAGGCATGCGGTCTAATACGCGTACGTAATCAAGVTCCATA
  TGGAAGATTAAATMCTGTCTWTGCGCGTGCCCCTGCCACAATCTTCCTATCCCGGGATGAYAGAGGTGAGTTACTCGCAW
  KCTCGCGCTMTCACAGAAAACTTVYCGGTGTCTAGYTGTCNGATTTGTGCCACGACCTGHAGTGAGATDCGCCCGGATCC
  MGATAAAAGCGTADGWATCGYCTAGVRCTTGMBACCTGSGGGCCTGACTCCCHTABTTTCVGTCTCTATTAGTACGGCGT
  ATTTCAATAGCATGCCTACAGAGTGCACATTTCVTGTGTCAGACTGCCGTAGTGBCAGCTACARGGTKAGTAAAGTCCTC
  CKCGDGTTAGACCAAGCKRAGATTBCACCATGHGARCGAARTACVGTNGGCTRCMCYCTCTACGTGGGTNGCACARTTCC
  CCCGTCGAATAGAATCGNGCAACGTDCCCAASTATGTATCGTGHGATKGATTGATGGACCGTHAAACATAABTDGAMAVA
  TCAGAGACATCTTCAAGTMTCAAACCWTGTATGGWGCCCCGCGCCGGCCGCTTCACGTTGKGCTTCTGAGGTATCGGAAA
  VCAGBCTBGAGCCTTTCCGAASCCCTTAAVGGAGTCGATCGCTCCTCTATACCGGGVTTTACCAKHAAAGGAACTAAAAT
  CTTAGTCCTTAACGAARAGGAGAATTCTGCAAGAWGATTTTATATCGCCGTTTGGYCAAGGCKMGTCTTCAAACGGACCA
  ACTCAGTTCGYGGAACVGATBCGGGCCTAWATCDATGTTTASGAAATGATTCRCRCTGCCCTTAAGAAATATCGGACATC
  GCVATCAATCAATGCNCGCCTAACGAATTGTTCWTCATMATCCCCGTTTCCGTTGDTGTGACCGYGCCACCGACAGGTGC
  TAGTATGBCDA","segment":"aa2ec177-b438-4ece-8984-b1e43a4ad810"},{"id":"93718176-0
  225-41b8-ba71-282c7d8bff24","accession":"NC_907283.1","definition":"Year but 
  energy yard form 
  Congress.","legacy_id":"VNHtoJTBD","sequence":"CTCCTGACGGTTGCAGTCTAAACATCCCCWCCT
  TGGTGAACHCTTTGTGTTTATGGCGCTTAAGVGCAGTCVCSTTGTGCTGTAAAAATNCGMTCCGTGGRACGMATCATATC
  GGARNRTNTGACDTGCGTGTAGAATGWAGGATTTGSCTSAACDATCTGCGGCAGTGCACACNAGTGVTACATGGGTTCAA
  GGGTTMCGCTTCMTTDKAATTTGTAAGCAGTATGTTTGCAKTAAGCAWGTAACCGHCACCAGGTCWTNTGTAACGATGAG
  CATDACATTCCAYCAYGGWTACGTTCTHTDGVCTGAANCGATGTVGACACACCTTGAATGGTCGCATATCGCGACTGAAC
  GACGACTACGGTCTGACANTDGTGAAGMHGWTSCAATGAATGAAGGTCGMCCTGTHAACCGTCATCATCATTCACGSCCT
  DGATGTATTACCTCGTSCCTCGCGATTAAAGTCGGCTGGCTACTACTAGAGCTACTTGGTCTTTGABTCGCCTCTDGATA
  GDGGATGATTAGGGTVCTAGACGCCATAATCTTKTAGCGTATCACAACACGHTGCGACYAAGTCCTTCTVTTCCAGCACC
  CGATATGCCGGACCCCATTTCMTCGGTAACTTAAWGTBSACCAGTAACCCTGTWTTTGTRGAGCTAGCHCACWTTATAGC
  CTCTTTTGACATCTCATACTGDGGCGACACATTACGTCTGTGKATAAAAATCGCATGTCBAAGTTTTCACGTGACGGCTT
  CBSCTTTCGGCTGAGTTGCCACAAAACGCATCGCTTTTTCTTGCVTRGCAGTTTCGTRAGYCCCGTCCAAAGCTTGCATA
  TCTCTCTCAAGGWAAAACGCGGGCGGCAGACCTATCMACTACKGTSGCGGGATACGAMCTDAGASTGTCGCTGCGAGCCY
  TCCKCDAGACCTCACTGSTADDGKGCATTTAMGCATATAGTGCACCVSTCGGCACACGBGTCACGCCCGTTGCTCACGAG
  TNGAATGTCCSAGCCTTRTTCGTHTGTTACCTCCGAATATCWAA","segment":"cbfea737-c871-48c8-a200
  -6d5a316a0900"}]}
  
  '''
# ---
# name: TestPrintIsolate.test_ok
  '''
  Isolate Floor
  
   ACCESSION    LENGTH  SEGMENT  DEFINITION                               
   NC_417776.1  750     DNA R    Behind agreement structure item several. 
   NC_685165.1  1165    DNA M    Offer analysis spring prepare.           
   NC_907283.1  1037    DNA S    Year but energy yard form Congress.      
  
  '''
# ---
# name: TestPrintOTUList.test_ok
  '''
  [1mNAME                       ACRONYM  TAXID   ID                                  [0m
  Maize bunchy top virus     MBTV     30724   cd613e30-d8f1-4adf-91b7-584a2265b1f5
  Garlic leaf crumple virus  GLCV     24406   6ec9d286-63ca-428d-95f4-b3b2e4b06ce6
  Tomato leafroll virus      TLV      243081  025b413f-8a9a-421e-a648-a7dd06839eb9
  Garlic leaf crumple virus  GLCV     533380  75a89294-c2cd-489a-b802-08a9ad45f23d
  Squash tatter leaf virus   STLV     385957  3099fdf5-ab99-454a-a901-e35cd47d380d
  
  '''
# ---
# name: test_print_otu
  '''
  Babuvirus abacae
  
   ACRONYM  BabAV                                
   ID       e7019832-f5b4-4b78-b528-9929bf0ec839 
   TAXID    438782                               
  
  PLAN
  
   NAME   REQUIRED  LENGTH  TOLERANCE  ID                                   
   DNA R  Yes       1099    0.03       aa2ec177-b438-4ece-8984-b1e43a4ad810 
   DNA M  Yes       1074    0.03       cbfea737-c871-48c8-a200-6d5a316a0900 
   DNA S  Yes       1087    0.03       06d3aaf1-7e54-4da7-aa64-9d11af726838 
  
  ISOLATES
  
  Isolate organization
  
   ACCESSION    LENGTH  SEGMENT  DEFINITION                              
   I48166.1     591     DNA R    Stand audience who artist travel sell.  
   NC_167153.1  422     DNA M    Support wind good training main forget. 
   J64270.1     286     DNA S    Campaign college director less.         
  
  Isolate present
  
   ACCESSION    LENGTH  SEGMENT  DEFINITION                                      
   NC_134696.1  803     DNA R    Poor beyond interest finally require wish most. 
   NC_132006.1  781     DNA M    Pull foot culture.                              
   NC_795643.1  138     DNA S    Character game tell result marriage very.       
  
  '''
# ---
